// Jest Snapshot v1, https://jestjs.io/docs/snapshot-testing

exports[`AboutPage component renders correctly and matches snapshot 1`] = `
<DocumentFragment>
  <div
    class="css-123acky"
  >
    <div
      class="css-pgsp8a"
    >
      <div
        class="css-kwsxe9"
      >
        <div
          class="css-1396cln"
        >
          <p
            class="chakra-text css-my0sfc"
          >
            LIMITED AUTUMN SALE
          </p>
          <div
            class="css-1yxs27r"
          >
            <div
              class="css-1k2969j"
            >
              <div
                class="css-42yaaz"
              />
              <div
                class="css-oc3fy4"
              >
                <p
                  class="chakra-text css-omioi4"
                >
                  SAVE UP TO
                </p>
                <p
                  class="chakra-text css-17yp9hm"
                >
                  50%
                </p>
              </div>
            </div>
          </div>
          <div
            class="css-7se1um"
          >
            <p
              class="chakra-text css-1xpy2j0"
            >
              LIMITED AUTUMN SALE
            </p>
            <div
              class="css-k008qs"
            >
              <p
                class="chakra-text css-cuy6ui"
              >
                01
              </p>
              <p
                class="chakra-text css-1qqwrfc"
              >
                :
              </p>
              <p
                class="chakra-text css-cuy6ui"
              >
                30
              </p>
              <p
                class="chakra-text css-1qqwrfc"
              >
                :
              </p>
              <p
                class="chakra-text css-cuy6ui"
              >
                45
              </p>
            </div>
          </div>
          <div
            class="css-gojuux"
          >
            <div
              class="css-1k2969j"
            >
              <div
                class="css-42yaaz"
              />
              <div
                class="css-oc3fy4"
              >
                <p
                  class="chakra-text css-omioi4"
                >
                  SAVE UP TO
                </p>
                <p
                  class="chakra-text css-17yp9hm"
                >
                  50%
                </p>
              </div>
            </div>
          </div>
        </div>
      </div>
    </div>
    <div
      class="css-1uwga29"
    >
      <div
        class="chakra-container css-11vl7h3"
      >
        <nav
          class="css-144aaus"
        >
          <a
            class="chakra-link css-4a6x12"
            href="/"
          >
            <h2
              class="chakra-heading css-o67t5v"
            >
              JWShop
            </h2>
          </a>
          <div
            class="chakra-stack css-16itcnq"
          >
            <a
              class="chakra-link css-8wuuuf"
              href="/"
            >
              Home
            </a>
            <a
              class="chakra-link css-8wuuuf"
              href="/about"
            >
              About
            </a>
            <a
              class="chakra-link css-8wuuuf"
              href="/blog"
            >
              Blog
            </a>
            <a
              class="chakra-link css-8wuuuf"
              href="/features"
            >
              Features
            </a>
            <a
              class="chakra-link css-8wuuuf"
              href="/contacts"
            >
              Contacts
            </a>
            <a
              class="chakra-link css-8wuuuf"
              href="/shop"
            >
              Shop
            </a>
          </div>
          <div
            class="chakra-stack css-1rafi8n"
          >
            <button
              aria-label="Favorites"
              class="chakra-button css-okm0kr"
              type="button"
            >
              <svg
                aria-hidden="true"
                fill="none"
                focusable="false"
                height="18"
                viewBox="0 0 18 18"
                width="18"
              >
                <path
                  d="M15.34 3.15C14.17 2.08 12.63 2.08 11.45 3.15L11 3.58L10.55 3.15C9.37 2.08 7.83 2.08 6.66 3.15C5.59 4.17 5 5.52 5 6.95C5 8.38 5.59 9.73 6.66 10.74L11 14.21L15.34 10.74C16.41 9.73 17 8.38 17 6.95C17 5.52 16.41 4.17 15.34 3.15Z"
                  fill="none"
                  stroke="currentColor"
                  stroke-width="1.5"
                />
              </svg>
            </button>
            <a
              class="chakra-link css-4a6x12"
              href="/checkout"
            >
              <div
                class="css-79elbk"
              >
                <button
                  aria-label="Shopping cart"
                  class="chakra-button css-okm0kr"
                  type="button"
                >
                  <svg
                    aria-hidden="true"
                    fill="none"
                    focusable="false"
                    height="18"
                    viewBox="0 0 18 18"
                    width="18"
                  >
                    <path
                      d="M14.45 9.03L13.56 2.39C13.53 2.03 13.22 1.76 12.86 1.76H5.16C4.8 1.76 4.5 2.03 4.46 2.39L3.55 9.03C3.47 9.78 3.72 10.54 4.24 11.11C4.75 11.67 5.48 12 6.24 12H11.79C12.54 12 13.26 11.68 13.77 11.12C14.28 10.56 14.53 9.8 14.45 9.03Z"
                      fill="none"
                      stroke="currentColor"
                      stroke-width="1.5"
                    />
                    <path
                      d="M7.13 1V3.03C7.13 3.58 6.68 4.03 6.13 4.03C5.58 4.03 5.13 3.58 5.13 3.03V1M12.85 1V3.03C12.85 3.58 12.4 4.03 11.85 4.03C11.3 4.03 10.85 3.58 10.85 3.03V1"
                      fill="none"
                      stroke="currentColor"
                      stroke-width="1.5"
                    />
                  </svg>
                </button>
                <span
                  class="chakra-badge css-f0looy"
                >
                  3
                </span>
              </div>
            </a>
            <a
              class="chakra-link css-4a6x12"
              href="/login"
            >
              <button
                aria-label="Sign in"
                class="chakra-button css-okm0kr"
                type="button"
              >
                <svg
                  aria-hidden="true"
                  fill="none"
                  focusable="false"
                  height="18"
                  viewBox="0 0 24 24"
                  width="18"
                >
                  <path
                    d="M15 3h4a2 2 0 0 1 2 2v14a2 2 0 0 1-2 2h-4"
                    fill="none"
                    stroke="currentColor"
                    stroke-width="1.5"
                  />
                  <path
                    d="M10 17L15 12L10 7"
                    fill="none"
                    stroke="currentColor"
                    stroke-width="1.5"
                  />
                  <path
                    d="M15 12H3"
                    fill="none"
                    stroke="currentColor"
                    stroke-width="1.5"
                  />
                </svg>
              </button>
            </a>
            <button
              aria-label="Menu"
              class="chakra-button css-fk74r7"
              type="button"
            >
              <svg
                aria-hidden="true"
                class="chakra-icon css-onkibi"
                focusable="false"
                viewBox="0 0 24 24"
              >
                <path
                  d="M 3 5 A 1.0001 1.0001 0 1 0 3 7 L 21 7 A 1.0001 1.0001 0 1 0 21 5 L 3 5 z M 3 11 A 1.0001 1.0001 0 1 0 3 13 L 21 13 A 1.0001 1.0001 0 1 0 21 11 L 3 11 z M 3 17 A 1.0001 1.0001 0 1 0 3 19 L 21 19 A 1.0001 1.0001 0 1 0 21 17 L 3 17 z"
                  fill="currentColor"
                />
              </svg>
            </button>
          </div>
        </nav>
      </div>
    </div>
    <div
      class="chakra-container css-14xp4nx"
    >
      <div
        class="chakra-stack css-9euuke"
      >
        <h2
          class="chakra-heading css-xp4quh"
        >
          About JWShop
        </h2>
        <p
          class="chakra-text css-15kqlsl"
        >
          We're a jewelry and watch shop built on one idea: pieces worth wearing every day should be made to last every day.
        </p>
      </div>
    </div>
    <div
      class="css-vgu039"
    >
      <div
        class="chakra-container css-11vl7h3"
      >
        <div
          class="css-1ijhh2b"
        >
          <div
            class="chakra-stack css-dpnoar"
          >
            <h2
              class="chakra-heading css-1telf0v"
            >
              Our Story
            </h2>
            <p
              class="chakra-text css-1fevzpm"
            >
              JWShop started in 2010 as a small workbench above a watch repair shop, fixing heirloom pieces that other stores had given up on. Word spread, the workbench became a studio, and the studio became the jewelry and watch shop you're browsing today.
            </p>
            <p
              class="chakra-text css-1fevzpm"
            >
              We still design and finish every collection ourselves — rings, chains, ear cuffs, and the Lawson watch line — because a piece you'll wear every day deserves more than a factory catalog. Simplicity, elegance, and materials built to outlast the trend cycle: that's the whole philosophy.
            </p>
          </div>
          <div
            class="css-1g0vid6"
          />
        </div>
      </div>
    </div>
    <div
      class="css-10q7ld9"
    >
      <div
        class="chakra-container css-11vl7h3"
      >
        <div
          class="css-184693m"
        >
          <div
            class="chakra-stack css-18e1wj0"
          >
            <p
              class="chakra-text css-1v2gwry"
            >
              15+
            </p>
            <p
              class="chakra-text css-8bknka"
            >
              Years of craftsmanship
            </p>
          </div>
          <div
            class="chakra-stack css-18e1wj0"
          >
            <p
              class="chakra-text css-1v2gwry"
            >
              50k+
            </p>
            <p
              class="chakra-text css-8bknka"
            >
              Happy customers
            </p>
          </div>
          <div
            class="chakra-stack css-18e1wj0"
          >
            <p
              class="chakra-text css-1v2gwry"
            >
              30+
            </p>
            <p
              class="chakra-text css-8bknka"
            >
              Countries shipped to
            </p>
          </div>
          <div
            class="chakra-stack css-18e1wj0"
          >
            <p
              class="chakra-text css-1v2gwry"
            >
              200k+
            </p>
            <p
              class="chakra-text css-8bknka"
            >
              Pieces handcrafted
            </p>
          </div>
        </div>
      </div>
    </div>
    <div
      class="css-1vn897a"
    >
      <div
        class="chakra-container css-11vl7h3"
      >
        <div
          class="chakra-stack css-1ic4uum"
        >
          <h2
            class="chakra-heading css-1telf0v"
          >
            What We Stand For
          </h2>
          <p
            class="chakra-text css-2d4wg1"
          >
            Four principles that haven't changed since the workbench days.
          </p>
        </div>
        <div
          class="css-1spku6t"
        >
          <div
            class="css-udz2cj"
          >
            <ul
              class="css-155za0w"
              role="list"
            >
              <li
                class="css-h38yef"
              >
                <svg
                  class="chakra-icon chakra-icon css-wwkhem"
                  focusable="false"
                  role="presentation"
                  viewBox="0 0 24 24"
                >
                  <path
                    d="M12,0A12,12,0,1,0,24,12,12.014,12.014,0,0,0,12,0Zm6.927,8.2-6.845,9.289a1.011,1.011,0,0,1-1.43.188L5.764,13.769a1,1,0,1,1,1.25-1.562l4.076,3.261,6.227-8.451A1,1,0,1,1,18.927,8.2Z"
                    fill="currentColor"
                  />
                </svg>
                <div
                  class="css-0"
                >
                  <p
                    class="chakra-text css-vz2be9"
                  >
                    Uncompromising craftsmanship
                  </p>
                  <p
                    class="chakra-text css-1wq0prc"
                  >
                    Every ring, chain, and watch is finished by hand and checked piece by piece before it ships — no shortcuts, no exceptions.
                  </p>
                </div>
              </li>
            </ul>
          </div>
          <div
            class="css-udz2cj"
          >
            <ul
              class="css-155za0w"
              role="list"
            >
              <li
                class="css-h38yef"
              >
                <svg
                  class="chakra-icon chakra-icon css-wwkhem"
                  focusable="false"
                  role="presentation"
                  viewBox="0 0 24 24"
                >
                  <path
                    d="M12,0A12,12,0,1,0,24,12,12.014,12.014,0,0,0,12,0Zm6.927,8.2-6.845,9.289a1.011,1.011,0,0,1-1.43.188L5.764,13.769a1,1,0,1,1,1.25-1.562l4.076,3.261,6.227-8.451A1,1,0,1,1,18.927,8.2Z"
                    fill="currentColor"
                  />
                </svg>
                <div
                  class="css-0"
                >
                  <p
                    class="chakra-text css-vz2be9"
                  >
                    Honest, traceable materials
                  </p>
                  <p
                    class="chakra-text css-1wq0prc"
                  >
                    We work directly with certified suppliers and use responsibly sourced metals and stones, from raw material to finished piece.
                  </p>
                </div>
              </li>
            </ul>
          </div>
          <div
            class="css-udz2cj"
          >
            <ul
              class="css-155za0w"
              role="list"
            >
              <li
                class="css-h38yef"
              >
                <svg
                  class="chakra-icon chakra-icon css-wwkhem"
                  focusable="false"
                  role="presentation"
                  viewBox="0 0 24 24"
                >
                  <path
                    d="M12,0A12,12,0,1,0,24,12,12.014,12.014,0,0,0,12,0Zm6.927,8.2-6.845,9.289a1.011,1.011,0,0,1-1.43.188L5.764,13.769a1,1,0,1,1,1.25-1.562l4.076,3.261,6.227-8.451A1,1,0,1,1,18.927,8.2Z"
                    fill="currentColor"
                  />
                </svg>
                <div
                  class="css-0"
                >
                  <p
                    class="chakra-text css-vz2be9"
                  >
                    Timeless design
                  </p>
                  <p
                    class="chakra-text css-1wq0prc"
                  >
                    Classic silhouettes built to be worn for decades, not seasons — jewelry and watches you pass down, not throw away.
                  </p>
                </div>
              </li>
            </ul>
          </div>
          <div
            class="css-udz2cj"
          >
            <ul
              class="css-155za0w"
              role="list"
            >
              <li
                class="css-h38yef"
              >
                <svg
                  class="chakra-icon chakra-icon css-wwkhem"
                  focusable="false"
                  role="presentation"
                  viewBox="0 0 24 24"
                >
                  <path
                    d="M12,0A12,12,0,1,0,24,12,12.014,12.014,0,0,0,12,0Zm6.927,8.2-6.845,9.289a1.011,1.011,0,0,1-1.43.188L5.764,13.769a1,1,0,1,1,1.25-1.562l4.076,3.261,6.227-8.451A1,1,0,1,1,18.927,8.2Z"
                    fill="currentColor"
                  />
                </svg>
                <div
                  class="css-0"
                >
                  <p
                    class="chakra-text css-vz2be9"
                  >
                    Care after the purchase
                  </p>
                  <p
                    class="chakra-text css-1wq0prc"
                  >
                    If something isn't right, we make it right. Free resizing, a real warranty, and a team that actually answers.
                  </p>
                </div>
              </li>
            </ul>
          </div>
        </div>
      </div>
    </div>
    <div
      class="css-10q7ld9"
    >
      <div
        class="chakra-container css-11vl7h3"
      >
        <div
          class="chakra-stack css-18ox2ab"
        >
          <h2
            class="chakra-heading css-1telf0v"
          >
            See the Collection
          </h2>
          <p
            class="chakra-text css-2d4wg1"
          >
            Rings, chains, and watches — handcrafted by the same team that started it all.
          </p>
          <a
            class="css-6s2jkn"
            href="/shop"
          >
            Shop now
          </a>
        </div>
      </div>
    </div>
    <footer
      class="css-qdyq4i"
    >
      <div
        class="chakra-container css-11vl7h3"
      >
        <div
          class="css-6xylhh"
        >
          <div
            class="css-1rr4qq7"
          >
            <h2
              class="chakra-heading css-hjn2at"
            >
              JWShop
            </h2>
          </div>
          <div
            class="chakra-stack css-1fiohxh"
          >
            <a
              class="chakra-link css-1a4de1x"
            >
              Home
            </a>
            <a
              class="chakra-link css-1a4de1x"
              href="/about"
            >
              About
            </a>
            <a
              class="chakra-link css-1a4de1x"
            >
              Blog
            </a>
            <a
              class="chakra-link css-1a4de1x"
            >
              Shop
            </a>
            <a
              class="chakra-link css-1a4de1x"
            >
              Features
            </a>
            <a
              class="chakra-link css-1a4de1x"
            >
              Contacts
            </a>
            <a
              class="chakra-link css-1a4de1x"
            >
              Instant Quote
            </a>
          </div>
          <div
            class="css-mkpwg2"
          >
            <p
              class="chakra-text css-10yi2ax"
            >
              Subscribe to our newsletter
            </p>
            <div
              class="chakra-input__group css-1y0e7gb"
              data-group="true"
            >
              <input
                class="chakra-input css-a5kdp8"
                placeholder="Enter your email"
              />
              <div
                class="chakra-input__right-element css-yo2dg"
              >
                <button
                  class="chakra-button css-1av36fq"
                  type="button"
                >
                  Subscribe
                </button>
              </div>
            </div>
          </div>
        </div>
        <hr
          aria-orientation="horizontal"
          class="chakra-divider css-1e6gg7n"
        />
        <div
          class="css-5vgdtj"
        >
          <p
            class="chakra-text css-0"
          >
            © 2025 JWShop. All rights reserved.
          </p>
          <div
            class="chakra-stack css-rzkssc"
          >
            <a
              class="chakra-link css-1fwsdwn"
            >
              Privacy Policy
            </a>
            <p
              class="chakra-text css-0"
            >
              ·
            </p>
            <a
              class="chakra-link css-1fwsdwn"
            >
              Terms of Service
            </a>
            <p
              class="chakra-text css-0"
            >
              ·
            </p>
            <a
              class="chakra-link css-1fwsdwn"
            >
              Contact Us
            </a>
          </div>
        </div>
      </div>
    </footer>
  </div>
  <span
    hidden=""
    id="__chakra_env"
  />
</DocumentFragment>
`;
